// Jest Snapshot v1, https://goo.gl/fbAQLP

exports[`Should render dashboard page correctly 1`] = `
<div>
  <p>
    Dashboard
  </p>
</div>
`;
